ANDI
LUI
ADDI
LBU
LUI
ADDI
LHU
ANDI
LUI
ADDI
LBU
EBREAK
