LUI
ADDI
LH
LUI
ADDI
LW
ADDI
LUI
ADDI
LB
LUI
ADDI
LBU
EBREAK
