ADD
LUI
ADDI
LH
LUI
ADDI
SW
LUI
ADDI
SW
SRL
EBREAK
